0.66666666
p(1) / Z = 2/3
2/3·δ(1)[coin]
2/3*coin
