# The following occurs with e-1 at the end
1.703615
16111502227443735727250427761812942600405237723/94572409612368043294199619316675018741649913883
