0.33333333
p(1) / Z = 1/3
1/3·δ(1)[firstCoin]
1/3*firstCoin
